[pixner.net/sbidu/main/index.html]
[backblue.gif]
[fade.gif]
[index.html]
[pixner.net/sbidu/main/assets/css/bootstrap.min.css]
[pixner.net/sbidu/main/assets/css/all.min.css]
[pixner.net/sbidu/main/assets/css/animate.css]
[pixner.net/sbidu/main/assets/css/nice-select.css]
[pixner.net/sbidu/main/assets/css/owl.min.css]
[pixner.net/sbidu/main/assets/css/magnific-popup.css]
[pixner.net/sbidu/main/assets/css/flaticon.css]
[pixner.net/sbidu/main/assets/css/jquery-ui.min.css]
[pixner.net/sbidu/main/assets/css/main.css]
[pixner.net/sbidu/main/assets/images/favicon.png]
[pixner.net/sbidu/main/sign-in.html]
[pixner.net/sbidu/main/assets/images/logo/logo.png]
[pixner.net/sbidu/main/index-2.html]
[pixner.net/sbidu/main/index-3.html]
[pixner.net/sbidu/main/index-4.html]
[pixner.net/sbidu/main/index-5.html]
[pixner.net/sbidu/main/product.html]
[pixner.net/sbidu/main/product-2.html]
[pixner.net/sbidu/main/product-details.html]
[pixner.net/sbidu/main/sign-up.html]
[pixner.net/sbidu/main/dashboard.html]
[pixner.net/sbidu/main/profile.html]
[pixner.net/sbidu/main/my-bid.html]
[pixner.net/sbidu/main/winning-bids.html]
[pixner.net/sbidu/main/notifications.html]
[pixner.net/sbidu/main/my-favorites.html]
[pixner.net/sbidu/main/referral.html]
[pixner.net/sbidu/main/about.html]
[pixner.net/sbidu/main/faqs.html]
[pixner.net/sbidu/main/error.html]
[pixner.net/sbidu/main/contact.html]
[pixner.net/sbidu/main/assets/images/logo/logo2.png]
[pixner.net/sbidu/main/assets/images/shop/shop01.jpg]
[pixner.net/sbidu/main/assets/images/shop/shop02.jpg]
[pixner.net/sbidu/main/assets/images/shop/shop03.jpg]
[pixner.net/sbidu/main/assets/images/shop/shop04.jpg]
[pixner.net/sbidu/main/assets/images/shop/shop05.jpg]
[pixner.net/sbidu/main/assets/images/banner/banner-bg-1.png]
[pixner.net/sbidu/main/assets/images/banner/banner-1.png]
[pixner.net/sbidu/main/assets/css/img/banner-shape.png]
[pixner.net/sbidu/main/assets/images/auction/01.png]
[pixner.net/sbidu/main/assets/images/auction/02.png]
[pixner.net/sbidu/main/assets/images/auction/03.png]
[pixner.net/sbidu/main/assets/images/auction/04.png]
[pixner.net/sbidu/main/assets/images/auction/05.png]
[pixner.net/sbidu/main/assets/images/auction/06.png]
[pixner.net/sbidu/main/assets/images/auction/car/car-bg.png]
[pixner.net/sbidu/main/assets/images/header-icons/car-1.png]
[pixner.net/sbidu/main/assets/images/auction/car/auction-1.jpg]
[pixner.net/sbidu/main/assets/images/auction/car/auction-2.jpg]
[pixner.net/sbidu/main/assets/images/auction/car/auction-3.jpg]
[pixner.net/sbidu/main/assets/images/auction/jewelry/jwelry-bg.png]
[pixner.net/sbidu/main/assets/images/header-icons/coin-1.png]
[pixner.net/sbidu/main/assets/images/auction/jewelry/auction-1.jpg]
[pixner.net/sbidu/main/assets/images/auction/jewelry/auction-2.jpg]
[pixner.net/sbidu/main/assets/images/auction/jewelry/auction-3.jpg]
[pixner.net/sbidu/main/assets/images/call-in/call-bg.png]
[pixner.net/sbidu/main/assets/images/auction/watches/auction-2.jpg]
[pixner.net/sbidu/main/assets/images/auction/watches/auction-3.jpg]
[pixner.net/sbidu/main/assets/images/auction/popular/popular-bg.png]
[pixner.net/sbidu/main/assets/images/auction/popular/auction-1.jpg]
[pixner.net/sbidu/main/assets/images/auction/popular/auction-2.jpg]
[pixner.net/sbidu/main/assets/images/auction/popular/auction-3.jpg]
[pixner.net/sbidu/main/assets/images/auction/popular/auction-4.jpg]
[pixner.net/sbidu/main/assets/images/auction/popular/auction-5.jpg]
[pixner.net/sbidu/main/assets/images/auction/popular/auction-6.jpg]
[pixner.net/sbidu/main/assets/images/auction/coins/coin-bg.png]
[pixner.net/sbidu/main/assets/images/auction/coins/auction-1.jpg]
[pixner.net/sbidu/main/assets/images/auction/coins/auction-2.jpg]
[pixner.net/sbidu/main/assets/images/auction/coins/auction-3.jpg]
[pixner.net/sbidu/main/assets/images/auction/realstate/real-bg.png]
[pixner.net/sbidu/main/assets/images/auction/realstate/auction-1.png]
[pixner.net/sbidu/main/assets/images/header-icons/camera-1.png]
[pixner.net/sbidu/main/assets/images/auction/electronics/auction-1.jpg]
[pixner.net/sbidu/main/assets/images/auction/electronics/auction-2.jpg]
[pixner.net/sbidu/main/assets/images/auction/electronics/auction-3.jpg]
[pixner.net/sbidu/main/assets/images/auction/electronics/auction-4.jpg]
[pixner.net/sbidu/main/assets/images/header-icons/art-1.png]
[pixner.net/sbidu/main/assets/images/auction/art/auction-1.jpg]
[pixner.net/sbidu/main/assets/images/auction/art/auction-2.jpg]
[pixner.net/sbidu/main/assets/images/auction/art/auction-3.jpg]
[pixner.net/sbidu/main/assets/images/auction/art/auction-4.jpg]
[pixner.net/sbidu/main/assets/images/how/how1.png]
[pixner.net/sbidu/main/assets/images/how/how2.png]
[pixner.net/sbidu/main/assets/images/how/how3.png]
[pixner.net/sbidu/main/assets/images/client/client01.png]
[pixner.net/sbidu/main/assets/images/client/client02.png]
[pixner.net/sbidu/main/assets/images/client/client03.png]
[pixner.net/sbidu/main/assets/images/footer/footer-bg.jpg]
[pixner.net/sbidu/main/assets/css/img/footer-top-shape.png]
[pixner.net/sbidu/main/assets/images/footer/p1.png]
[pixner.net/sbidu/main/assets/images/footer/p2.png]
[pixner.net/sbidu/main/assets/images/footer/p3.png]
[pixner.net/sbidu/main/assets/images/footer/c2.png]
[pixner.net/sbidu/main/assets/images/footer/c3.png]
[pixner.net/sbidu/main/assets/images/footer/c4.png]
[pixner.net/sbidu/main/assets/images/footer/newslater.png]
[pixner.net/sbidu/main/assets/images/logo/footer-logo.png]
[pixner.net/sbidu/main/assets/images/footer/paypal.png]
[pixner.net/sbidu/main/assets/images/footer/visa.png]
[pixner.net/sbidu/main/assets/images/footer/discover.png]
[pixner.net/sbidu/main/assets/images/footer/mastercard.png]
[pixner.net/sbidu/main/assets/js/modernizr-3.6.0.min.js]
[pixner.net/sbidu/main/assets/js/plugins.js]
[pixner.net/sbidu/main/assets/js/jquery-3.3.1.min.js]
[pixner.net/sbidu/main/assets/js/isotope.pkgd.min.js]
[pixner.net/sbidu/main/assets/js/bootstrap.min.js]
[pixner.net/sbidu/main/assets/js/wow.min.js]
[pixner.net/sbidu/main/assets/js/waypoints.js]
[pixner.net/sbidu/main/assets/js/nice-select.js]
[pixner.net/sbidu/main/assets/js/counterup.min.js]
[pixner.net/sbidu/main/assets/js/owl.min.js]
[pixner.net/sbidu/main/assets/js/magnific-popup.min.js]
[pixner.net/sbidu/main/assets/js/yscountdown.min.js]
[pixner.net/sbidu/main/index.html]
[pixner.net/sbidu/main/assets/css/bootstrap.min.css]
[pixner.net/sbidu/main/assets/js/main.js]
[pixner.net/sbidu/main/assets/webfonts/fa-brands-400.woff2]
[pixner.net/sbidu/main/assets/js/jquery-ui.min.js]
[pixner.net/sbidu/main/assets/webfonts/fa-brands-400.woff]
[pixner.net/sbidu/main/assets/webfonts/fa-brands-400.eot]
[pixner.net/sbidu/main/assets/webfonts/fa-brands-400.svg]
[pixner.net/sbidu/main/assets/webfonts/fa-brands-400d41d.eot]
[pixner.net/sbidu/main/assets/webfonts/fa-regular-400.eot]
[pixner.net/sbidu/main/assets/webfonts/fa-regular-400.woff2]
[pixner.net/sbidu/main/assets/webfonts/fa-regular-400.woff]
[pixner.net/sbidu/main/assets/webfonts/fa-regular-400d41d.eot]
[pixner.net/sbidu/main/assets/webfonts/fa-regular-400.svg]
[pixner.net/sbidu/main/assets/webfonts/fa-regular-400.ttf]
[pixner.net/sbidu/main/assets/webfonts/fa-solid-900.woff2]
[pixner.net/sbidu/main/assets/webfonts/fa-solid-900.woff]
[pixner.net/sbidu/main/assets/webfonts/fa-solid-900.eot]
[pixner.net/sbidu/main/assets/css/all.min.css]
[pixner.net/sbidu/main/assets/css/animate.css]
[pixner.net/sbidu/main/assets/css/nice-select.css]
[pixner.net/sbidu/main/assets/css/owl.min.css]
[pixner.net/sbidu/main/assets/css/magnific-popup.css]
[pixner.net/sbidu/main/assets/webfonts/fa-solid-900.svg]
[pixner.net/sbidu/main/assets/webfonts/fa-solid-900d41d.eot]
[pixner.net/sbidu/main/assets/css/Flaticon.eot]
[pixner.net/sbidu/main/assets/css/Flaticond41d.eot]
[pixner.net/sbidu/main/assets/css/Flaticon.woff2]
[pixner.net/sbidu/main/assets/css/Flaticon.woff]
[pixner.net/sbidu/main/assets/css/Flaticon.ttf]
[pixner.net/sbidu/main/assets/css/flaticon.css]
[pixner.net/sbidu/main/assets/css/Flaticon.svg]
[pixner.net/sbidu/main/assets/css/jquery-ui.min.css]
[pixner.net/sbidu/main/assets/css/img/check.png]
[pixner.net/sbidu/main/assets/css/main.css]
[pixner.net/sbidu/main/assets/images/banner/hero-bg.png]
[pixner.net/sbidu/main/sign-in.html]
[pixner.net/sbidu/main/assets/images/banner/banner-bg-2.png]
[pixner.net/sbidu/main/assets/images/banner/banner-2.png]
[pixner.net/sbidu/main/assets/css/img/banner-shape-2.png]
[pixner.net/sbidu/main/assets/images/auction/featured/featured-bg-1.jpg]
[pixner.net/sbidu/main/assets/images/auction/upcoming/upcoming-1.png]
[pixner.net/sbidu/main/assets/images/auction/upcoming/upcoming-2.png]
[pixner.net/sbidu/main/assets/images/auction/upcoming/upcoming-3.png]
[pixner.net/sbidu/main/assets/images/auction/upcoming/upcoming-4.png]
[pixner.net/sbidu/main/assets/images/auction/upcoming/upcoming-5.png]
[pixner.net/sbidu/main/assets/images/auction/upcoming/upcoming-6.png]
[pixner.net/sbidu/main/assets/images/auction/upcoming/upcoming-7.png]
[pixner.net/sbidu/main/assets/images/auction/upcoming/upcoming-8.png]
[pixner.net/sbidu/main/assets/css/img/how-video.png]
[pixner.net/sbidu/main/index-2.html]
[pixner.net/sbidu/main/assets/images/banner/banner-bg-3.png]
[pixner.net/sbidu/main/assets/images/banner/banner-3.png]
[pixner.net/sbidu/main/assets/css/img/banner-shape-3.png]
[pixner.net/sbidu/main/assets/images/auction/popular/popular-bg2.png]
[pixner.net/sbidu/main/index-3.html]
[pixner.net/sbidu/main/assets/images/banner/banner-bg-4.png]
[pixner.net/sbidu/main/assets/images/banner/banner-4.png]
[pixner.net/sbidu/main/assets/css/img/banner-shape-4.png]
[pixner.net/sbidu/main/assets/images/how/car2.png]
[pixner.net/sbidu/main/assets/images/auction/trending/auction-1.png]
[pixner.net/sbidu/main/assets/images/auction/trending/auction-2.png]
[pixner.net/sbidu/main/assets/images/auction/trending/auction-3.png]
[pixner.net/sbidu/main/assets/images/auction/trending/auction-4.png]
[pixner.net/sbidu/main/assets/images/auction/ending/auction01.png]
[pixner.net/sbidu/main/assets/images/auction/ending/auction02.png]
[pixner.net/sbidu/main/assets/images/auction/ending/auction03.png]
[pixner.net/sbidu/main/assets/images/auction/ending/auction04.png]
[pixner.net/sbidu/main/assets/images/auction/ending/auction05.png]
[pixner.net/sbidu/main/assets/images/auction/ending/auction06.png]
[pixner.net/sbidu/main/index-4.html]
[pixner.net/sbidu/main/assets/images/banner/banner-5.png]
[pixner.net/sbidu/main/assets/images/auction/brow2-1.png]
[pixner.net/sbidu/main/assets/images/auction/brow2-2.png]
[pixner.net/sbidu/main/assets/images/auction/brow2-3.png]
[pixner.net/sbidu/main/assets/images/auction/brow2-4.png]
[pixner.net/sbidu/main/assets/images/auction/featured/featured-bg-2.png]
[pixner.net/sbidu/main/assets/images/auction/featured/auction-1.png]
[pixner.net/sbidu/main/assets/images/auction/featured/auction-2.png]
[pixner.net/sbidu/main/assets/images/auction/featured/auction-3.png]
[pixner.net/sbidu/main/assets/images/auction/upcoming/upcoming-9.png]
[pixner.net/sbidu/main/assets/images/auction/upcoming/upcoming-10.png]
[pixner.net/sbidu/main/assets/images/auction/upcoming/upcoming-11.png]
[pixner.net/sbidu/main/assets/images/auction/upcoming/upcoming-12.png]
[pixner.net/sbidu/main/index-5.html]
[pixner.net/sbidu/main/assets/images/auction/product/01.png]
[pixner.net/sbidu/main/assets/images/auction/product/02.png]
[pixner.net/sbidu/main/assets/images/auction/product/04.png]
[pixner.net/sbidu/main/assets/images/auction/product/05.png]
[pixner.net/sbidu/main/assets/images/auction/product/06.png]
[pixner.net/sbidu/main/assets/images/auction/product/07.png]
[pixner.net/sbidu/main/assets/images/auction/product/08.png]
[pixner.net/sbidu/main/product.html]
[pixner.net/sbidu/main/assets/images/auction/product/10.png]
[pixner.net/sbidu/main/assets/images/auction/product/12.png]
[pixner.net/sbidu/main/assets/images/auction/product/13.png]
[pixner.net/sbidu/main/assets/images/auction/product/14.png]
[pixner.net/sbidu/main/assets/images/auction/product/15.png]
[pixner.net/sbidu/main/product-2.html]
[pixner.net/sbidu/main/assets/images/product/product1.png]
[pixner.net/sbidu/main/assets/images/product/product2.png]
[pixner.net/sbidu/main/assets/images/product/product4.png]
[pixner.net/sbidu/main/assets/images/product/product5.png]
[pixner.net/sbidu/main/assets/images/product/product6.png]
[pixner.net/sbidu/main/assets/images/product/01.png]
[pixner.net/sbidu/main/assets/images/product/02.png]
[pixner.net/sbidu/main/assets/images/product/03.png]
[pixner.net/sbidu/main/assets/images/product/04.png]
[pixner.net/sbidu/main/assets/images/product/05.png]
[pixner.net/sbidu/main/assets/images/product/06.png]
[pixner.net/sbidu/main/assets/images/product/search-icon.png]
[pixner.net/sbidu/main/assets/images/product/icon1.png]
[pixner.net/sbidu/main/assets/images/product/icon2.png]
[pixner.net/sbidu/main/assets/images/product/icon3.png]
[pixner.net/sbidu/main/assets/images/product/tab1.png]
[pixner.net/sbidu/main/assets/images/product/tab2.png]
[pixner.net/sbidu/main/assets/images/product/tab3.png]
[pixner.net/sbidu/main/assets/images/product/tab4.png]
[pixner.net/sbidu/main/assets/images/history/01.png]
[pixner.net/sbidu/main/assets/images/history/02.png]
[pixner.net/sbidu/main/assets/images/history/03.png]
[pixner.net/sbidu/main/assets/images/history/04.png]
[pixner.net/sbidu/main/assets/images/history/05.png]
[pixner.net/sbidu/main/assets/css/img/faq.png]
[pixner.net/sbidu/main/product-details.html]
[pixner.net/sbidu/main/sign-up.html]
[pixner.net/sbidu/main/assets/images/dashboard/user.png]
[pixner.net/sbidu/main/assets/images/dashboard/01.png]
[pixner.net/sbidu/main/assets/images/dashboard/02.png]
[pixner.net/sbidu/main/assets/images/dashboard/03.png]
[pixner.net/sbidu/main/dashboard.html]
[pixner.net/sbidu/main/profile.html]
[pixner.net/sbidu/main/my-bid.html]
[pixner.net/sbidu/main/winning-bids.html]
[pixner.net/sbidu/main/notifications.html]
[pixner.net/sbidu/main/my-favorites.html]
[pixner.net/sbidu/main/referral.html]
[pixner.net/sbidu/main/assets/images/about/01.png]
[pixner.net/sbidu/main/assets/images/about/02.png]
[pixner.net/sbidu/main/assets/images/about/about.png]
[pixner.net/sbidu/main/assets/images/overview/01.png]
[pixner.net/sbidu/main/assets/images/overview/02.png]
[pixner.net/sbidu/main/assets/images/overview/03.png]
[pixner.net/sbidu/main/assets/images/overview/04.png]
[pixner.net/sbidu/main/assets/images/overview/05.png]
[pixner.net/sbidu/main/assets/images/overview/06.png]
[pixner.net/sbidu/main/assets/images/overview/overview-bg.png]
[pixner.net/sbidu/main/assets/images/team/team1.png]
[pixner.net/sbidu/main/assets/images/team/team2.png]
[pixner.net/sbidu/main/assets/images/team/team3.png]
[pixner.net/sbidu/main/assets/images/team/team4.png]
[pixner.net/sbidu/main/about.html]
[pixner.net/sbidu/main/assets/images/faq/video.png]
[pixner.net/sbidu/main/faqs.html]
[pixner.net/sbidu/main/assets/images/error-bg.png]
[pixner.net/sbidu/main/assets/images/error.png]
[pixner.net/sbidu/main/error.html]
[pixner.net/sbidu/main/assets/images/contact.png]
[pixner.net/sbidu/main/contact.html]
[pixner.net/sbidu/main/assets/js/contact.js]
[pixner.net/sbidu/main/assets/images/auction/watches/auction-1.jpg]
[pixner.net/sbidu/main/assets/webfonts/fa-brands-400.svg]
[pixner.net/sbidu/main/assets/webfonts/fa-regular-400.svg]
[pixner.net/sbidu/main/assets/webfonts/fa-solid-900.svg]
[pixner.net/sbidu/main/assets/css/owl.video.play.html]
[pixner.net/sbidu/main/assets/css/Flaticon.svg]
[pixner.net/sbidu/main/assets/css/images/ui-icons_444444_256x240.html]
[pixner.net/sbidu/main/assets/css/images/ui-icons_555555_256x240.html]
[pixner.net/sbidu/main/assets/css/images/ui-icons_ffffff_256x240.html]
[pixner.net/sbidu/main/assets/css/images/ui-icons_777620_256x240.html]
[pixner.net/sbidu/main/assets/css/images/ui-icons_cc0000_256x240.html]
[pixner.net/sbidu/main/assets/css/images/ui-icons_777777_256x240.html]
[pixner.net/sbidu/main/assets/images/auction/product/03.png]
[pixner.net/sbidu/main/assets/images/auction/product/09.png]
[pixner.net/sbidu/main/assets/webfonts/fa-brands-400.ttf]
[pixner.net/sbidu/main/_/assets/images/faq/faq-menu.html]
[pixner.net/sbidu/main/assets/images/auction/product/11.png]
[pixner.net/sbidu/main/assets/webfonts/fa-solid-900.ttf]
[pixner.net/sbidu/main/assets/images/product/product3.png]
